C:\Users\sagar\git\ELF_BASE_FRAMEWORK\Base_Framework_ELF\src\test\java\test_Scripts\ReturnPolicyPageTest.java
C:\Users\sagar\git\ELF_BASE_FRAMEWORK\Base_Framework_ELF\src\test\java\test_Scripts\CartIconTest.java
C:\Users\sagar\git\ELF_BASE_FRAMEWORK\Base_Framework_ELF\src\test\java\test_Scripts\KidsBoysJeansPageTest.java
C:\Users\sagar\git\ELF_BASE_FRAMEWORK\Base_Framework_ELF\src\test\java\test_Scripts\WalletTest.java
C:\Users\sagar\git\ELF_BASE_FRAMEWORK\Base_Framework_ELF\src\test\java\test_Scripts\AddToCartTest.java
C:\Users\sagar\git\ELF_BASE_FRAMEWORK\Base_Framework_ELF\src\test\java\test_Scripts\KidsPageTest.java
C:\Users\sagar\git\ELF_BASE_FRAMEWORK\Base_Framework_ELF\src\test\java\test_Scripts\AboutUsPageTest.java
C:\Users\sagar\git\ELF_BASE_FRAMEWORK\Base_Framework_ELF\src\test\java\test_Scripts\BoysTrousersPageTest.java
C:\Users\sagar\git\ELF_BASE_FRAMEWORK\Base_Framework_ELF\src\test\java\test_Scripts\ElectronicPageTest.java
C:\Users\sagar\git\ELF_BASE_FRAMEWORK\Base_Framework_ELF\src\test\java\test_Scripts\WomenPageTest.java
C:\Users\sagar\git\ELF_BASE_FRAMEWORK\Base_Framework_ELF\src\test\java\test_Scripts\ProfileTest.java
C:\Users\sagar\git\ELF_BASE_FRAMEWORK\Base_Framework_ELF\src\test\java\test_Scripts\LogoutTest.java
C:\Users\sagar\git\ELF_BASE_FRAMEWORK\Base_Framework_ELF\src\test\java\test_Scripts\LoginTest.java
C:\Users\sagar\git\ELF_BASE_FRAMEWORK\Base_Framework_ELF\src\test\java\test_Scripts\ShippingPageTest.java
C:\Users\sagar\git\ELF_BASE_FRAMEWORK\Base_Framework_ELF\src\test\java\test_Scripts\KidsBoysShirtsPageTest.java
C:\Users\sagar\git\ELF_BASE_FRAMEWORK\Base_Framework_ELF\src\test\java\test_Scripts\DeliveryCenterPageTest.java
C:\Users\sagar\git\ELF_BASE_FRAMEWORK\Base_Framework_ELF\src\test\java\test_Scripts\SearchTextFieldTest.java
C:\Users\sagar\git\ELF_BASE_FRAMEWORK\Base_Framework_ELF\src\test\java\test_Scripts\WishListTest.java
C:\Users\sagar\git\ELF_BASE_FRAMEWORK\Base_Framework_ELF\src\test\java\test_Scripts\SampleTest.java
C:\Users\sagar\git\ELF_BASE_FRAMEWORK\Base_Framework_ELF\src\test\java\test_Scripts\PaymentsPageTest.java
C:\Users\sagar\git\ELF_BASE_FRAMEWORK\Base_Framework_ELF\src\test\java\test_Scripts\VoucherPageTest.java
C:\Users\sagar\git\ELF_BASE_FRAMEWORK\Base_Framework_ELF\src\test\java\test_Scripts\BeautyPageTest.java
C:\Users\sagar\git\ELF_BASE_FRAMEWORK\Base_Framework_ELF\src\test\java\test_Scripts\ContactUsPageTest.java
C:\Users\sagar\git\ELF_BASE_FRAMEWORK\Base_Framework_ELF\src\test\java\test_Scripts\WishListIconTest.java
C:\Users\sagar\git\ELF_BASE_FRAMEWORK\Base_Framework_ELF\src\test\java\test_Scripts\GirlsJeansPageTest.java
C:\Users\sagar\git\ELF_BASE_FRAMEWORK\Base_Framework_ELF\src\test\java\test_Scripts\MenPageTest.java
C:\Users\sagar\git\ELF_BASE_FRAMEWORK\Base_Framework_ELF\src\test\java\test_Scripts\KidsBoysTshirtsPageTest.java
C:\Users\sagar\git\ELF_BASE_FRAMEWORK\Base_Framework_ELF\src\test\java\test_Scripts\FeaturedProductsProductPageTest.java
C:\Users\sagar\git\ELF_BASE_FRAMEWORK\Base_Framework_ELF\src\test\java\test_Scripts\YourOrdersTest.java
C:\Users\sagar\git\ELF_BASE_FRAMEWORK\Base_Framework_ELF\src\test\java\test_Scripts\GirlsTshirtsPageTest.java
C:\Users\sagar\git\ELF_BASE_FRAMEWORK\Base_Framework_ELF\src\test\java\test_Scripts\TestScript1.java
